Microsoft Windows [Version 10.0.19045.6216]

(c) Microsoft Corporation. All rights reserved.



C:\WINDOWS\system32>cd C:\Users\zixsh\Downloads\express-desktop-app\express-desktop-app



C:\Users\zixsh\Downloads\express-desktop-app\express-desktop-app>npm run build:desktop



> rest-express@1.0.0 build:desktop

> npm run build && electron-builder





> rest-express@1.0.0 build

> vite build && esbuild server/index.ts --platform=node --packages=external --bundle --format=esm --outdir=dist



vite v5.4.19 building for production...

transforming (3) src\main.tsxBrowserslist: browsers data (caniuse-lite) is 11 months old. Please run:

  npx update-browserslist-db@latest

  Why you should do it regularly: https://github.com/browserslist/update-db#readme

✓ 2638 modules transformed.

../dist/public/index.html                   1.16 kB │ gzip:   0.62 kB

../dist/public/assets/index-BgJHYF3z.css   69.31 kB │ gzip:  11.96 kB

../dist/public/assets/index-BM08mZjR.js   971.33 kB │ gzip: 273.28 kB



(!) Some chunks are larger than 500 kB after minification. Consider:

- Using dynamic import() to code-split the application

- Use build.rollupOptions.output.manualChunks to improve chunking: https://rollupjs.org/configuration-options/#output-manualchunks

- Adjust chunk size limit for this warning via build.chunkSizeWarningLimit.

✓ built in 24.17s



  dist\index.js  26.7kb



Done in 19ms

  • electron-builder  version=26.0.12 os=10.0.19045

  • loaded configuration  file=C:\Users\zixsh\Downloads\express-desktop-app\express-desktop-app\electron-builder.json

  • description is missed in the package.json  appPackageFile=C:\Users\zixsh\Downloads\express-desktop-app\express-desktop-app\package.json

  • author is missed in the package.json  appPackageFile=C:\Users\zixsh\Downloads\express-desktop-app\express-desktop-app\package.json

  • writing effective config  file=dist-electron\builder-effective-config.yaml

  • executing @electron/rebuild  electronVersion=38.0.0 arch=x64 buildFromSource=false appDir=./

  • installing native dependencies  arch=x64

  • preparing       moduleName=bufferutil arch=x64

  • finished        moduleName=bufferutil arch=x64

  • completed installing native dependencies

  • packaging       platform=win32 arch=x64 electron=38.0.0 appOutDir=dist-electron\win-unpacked

  • updating asar integrity executable resource  executablePath=dist-electron\win-unpacked\Shop Analytics Dashboard.exe

  • signing with signtool.exe  path=dist-electron\win-unpacked\Shop Analytics Dashboard.exe

  • building        target=nsis file=dist-electron\Shop Analytics Dashboard-1.0.0-Windows.exe archs=x64 oneClick=false perMachine=false

  • signing with signtool.exe  path=dist-electron\win-unpacked\resources\elevate.exe

  ⨯ C:\Users\zixsh\AppData\Local\electron-builder\Cache\nsis\nsis-3.0.4.1\Bin\makensis.exe process failed ERR_ELECTRON_BUILDER_CANNOT_EXECUTE

Exit code:

1

Output:

Command line defined: "APP_ID=com.shopanalytics.dashboard"

Command line defined: "APP_GUID=51ed8cb7-a66a-5f2f-beaf-b45d82714b83"

Command line defined: "UNINSTALL_APP_KEY=51ed8cb7-a66a-5f2f-beaf-b45d82714b83"

Command line defined: "PRODUCT_NAME=Shop Analytics Dashboard"

Command line defined: "PRODUCT_FILENAME=Shop Analytics Dashboard"

Command line defined: "APP_FILENAME=Shop Analytics Dashboard"

Command line defined: "APP_DESCRIPTION="

Command line defined: "VERSION=1.0.0"

Command line defined: "PROJECT_DIR=C:\Users\zixsh\Downloads\express-desktop-app\express-desktop-app"

Command line defined: "BUILD_RESOURCES_DIR=C:\Users\zixsh\Downloads\express-desktop-app\express-desktop-app\build"

Command line defined: "APP_PACKAGE_NAME=rest-express"

Command line defined: "MUI_ICON=C:\Users\zixsh\Downloads\express-desktop-app\express-desktop-app\assets\icon.png"

Command line defined: "MUI_UNICON=C:\Users\zixsh\Downloads\express-desktop-app\express-desktop-app\assets\icon.png"

Command line defined: "APP_64=C:\Users\zixsh\Downloads\express-desktop-app\express-desktop-app\dist-electron\rest-express-1.0.0-x64.nsis.7z"

Command line defined: "APP_64_NAME=rest-express-1.0.0-x64.nsis.7z"

Command line defined: "APP_64_HASH=35703B43B33D04A09D1A73A6DF07DF10BE9BA2E753492E1E0C63AE170BD5195E09CE324268E328982465FBACCFB9F4876D83F3E74A21A4615FA8420921CE7DF8"

Command line defined: "APP_64_UNPACKED_SIZE=490914"

Command line defined: "APP_INSTALLER_STORE_FILE=rest-express-updater\installer.exe"

Command line defined: "COMPRESSION_METHOD=7z"

Command line defined: "INSTALL_MODE_PER_ALL_USERS_REQUIRED"

Command line defined: "allowToChangeInstallationDirectory"

Command line defined: "SHORTCUT_NAME=Shop Analytics"

Command line defined: "UNINSTALL_DISPLAY_NAME=Shop Analytics Dashboard 1.0.0"

Command line defined: "MUI_WELCOMEFINISHPAGE_BITMAP=${NSISDIR}\Contrib\Graphics\Wizard\nsis3-metro.bmp"

Command line defined: "MUI_UNWELCOMEFINISHPAGE_BITMAP=${NSISDIR}\Contrib\Graphics\Wizard\nsis3-metro.bmp"

Command line defined: "UNINSTALLER_ICON=C:\Users\zixsh\Downloads\express-desktop-app\express-desktop-app\assets\icon.png"

Command line defined: "ESTIMATED_SIZE=490913"

Command line defined: "COMPRESS=auto"

Command line defined: "BUILD_UNINSTALLER"

Command line defined: "UNINSTALLER_OUT_FILE=C:\Users\zixsh\Downloads\express-desktop-app\express-desktop-app\dist-electron\__uninstaller-nsis-rest-express.exe"

Processing config: C:\Users\zixsh\AppData\Local\electron-builder\Cache\nsis\nsis-3.0.4.1\nsisconf.nsh

Processing script file: "<stdin>" (UTF8)



Error output:

Error while loading icon from "C:\Users\zixsh\Downloads\express-desktop-app\express-desktop-app\assets\icon.png": invalid icon file

Error in macro MUI_INTERFACE on macroline 87

Error in macro MUI_UNPAGE_INIT on macroline 7

Error in macro MUI_UNPAGE_WELCOME on macroline 5

!include: error in script: "assistedInstaller.nsh" on line 70

Error in script "<stdin>" on line 110 -- aborting creation process

  failedTask=build stackTrace=Error: C:\Users\zixsh\AppData\Local\electron-builder\Cache\nsis\nsis-3.0.4.1\Bin\makensis.exe process failed ERR_ELECTRON_BUILDER_CANNOT_EXECUTE

Exit code:

1

Output:

Command line defined: "APP_ID=com.shopanalytics.dashboard"

Command line defined: "APP_GUID=51ed8cb7-a66a-5f2f-beaf-b45d82714b83"

Command line defined: "UNINSTALL_APP_KEY=51ed8cb7-a66a-5f2f-beaf-b45d82714b83"

Command line defined: "PRODUCT_NAME=Shop Analytics Dashboard"

Command line defined: "PRODUCT_FILENAME=Shop Analytics Dashboard"

Command line defined: "APP_FILENAME=Shop Analytics Dashboard"

Command line defined: "APP_DESCRIPTION="

Command line defined: "VERSION=1.0.0"

Command line defined: "PROJECT_DIR=C:\Users\zixsh\Downloads\express-desktop-app\express-desktop-app"

Command line defined: "BUILD_RESOURCES_DIR=C:\Users\zixsh\Downloads\express-desktop-app\express-desktop-app\build"

Command line defined: "APP_PACKAGE_NAME=rest-express"

Command line defined: "MUI_ICON=C:\Users\zixsh\Downloads\express-desktop-app\express-desktop-app\assets\icon.png"

Command line defined: "MUI_UNICON=C:\Users\zixsh\Downloads\express-desktop-app\express-desktop-app\assets\icon.png"

Command line defined: "APP_64=C:\Users\zixsh\Downloads\express-desktop-app\express-desktop-app\dist-electron\rest-express-1.0.0-x64.nsis.7z"

Command line defined: "APP_64_NAME=rest-express-1.0.0-x64.nsis.7z"

Command line defined: "APP_64_HASH=35703B43B33D04A09D1A73A6DF07DF10BE9BA2E753492E1E0C63AE170BD5195E09CE324268E328982465FBACCFB9F4876D83F3E74A21A4615FA8420921CE7DF8"

Command line defined: "APP_64_UNPACKED_SIZE=490914"

Command line defined: "APP_INSTALLER_STORE_FILE=rest-express-updater\installer.exe"

Command line defined: "COMPRESSION_METHOD=7z"

Command line defined: "INSTALL_MODE_PER_ALL_USERS_REQUIRED"

Command line defined: "allowToChangeInstallationDirectory"

Command line defined: "SHORTCUT_NAME=Shop Analytics"

Command line defined: "UNINSTALL_DISPLAY_NAME=Shop Analytics Dashboard 1.0.0"

Command line defined: "MUI_WELCOMEFINISHPAGE_BITMAP=${NSISDIR}\Contrib\Graphics\Wizard\nsis3-metro.bmp"

Command line defined: "MUI_UNWELCOMEFINISHPAGE_BITMAP=${NSISDIR}\Contrib\Graphics\Wizard\nsis3-metro.bmp"

Command line defined: "UNINSTALLER_ICON=C:\Users\zixsh\Downloads\express-desktop-app\express-desktop-app\assets\icon.png"

Command line defined: "ESTIMATED_SIZE=490913"

Command line defined: "COMPRESS=auto"

Command line defined: "BUILD_UNINSTALLER"

Command line defined: "UNINSTALLER_OUT_FILE=C:\Users\zixsh\Downloads\express-desktop-app\express-desktop-app\dist-electron\__uninstaller-nsis-rest-express.exe"

Processing config: C:\Users\zixsh\AppData\Local\electron-builder\Cache\nsis\nsis-3.0.4.1\nsisconf.nsh

Processing script file: "<stdin>" (UTF8)

                                                                                                                                                                                                                                                                                                                                                                                                                                                                                                                                                                                                                                                                                                                                                                                                                                                                                                                                                                                                                                                                                                                                                                                                                                                                                                                                                                                                                                                                                                                                                                                                                                                                                                                                                                                                                                                                                                                                                                                                                                                                                                                                                                                                                                                                                                                                                                                                                                                                                                                                                                                                                                                                                                                                                                                                                                                                                                                                                                                                                                                                                                                                                                                                                                                                                            Error output:

Error while loading icon from "C:\Users\zixsh\Downloads\express-desktop-app\express-desktop-app\assets\icon.png": invalid icon file

Error in macro MUI_INTERFACE on macroline 87

Error in macro MUI_UNPAGE_INIT on macroline 7

Error in macro MUI_UNPAGE_WELCOME on macroline 5

!include: error in script: "assistedInstaller.nsh" on line 70

Error in script "<stdin>" on line 110 -- aborting creation process

                                                                                                                                                                                                                                                                                                                                                                                                                                                                                                                                                                                                                                                                                                                                                                                                                                                                                                                                                                                                                                                                                                                                                                                                                                                                                                                                                                                                                                                                                                                                                                                                                                                                                                                                                                                                                                                                                                                                                                                                                                                                                                                                                                                                                                                                                                                                                                                                                                                                                                                                                                                                                                                                                                                                                                                                                                                                                                                                                                                                                                                                                                                                                                                                                                                                                                at ChildProcess.<anonymous> (C:\Users\zixsh\Downloads\express-desktop-app\express-desktop-app\node_modules\builder-util\src\util.ts:259:14)

    at Object.onceWrapper (node:events:634:26)

    at ChildProcess.emit (node:events:519:28)

    at ChildProcess.cp.emit (C:\Users\zixsh\Downloads\express-desktop-app\express-desktop-app\node_modules\cross-spawn\lib\enoent.js:34:29)

    at maybeClose (node:internal/child_process:1105:16)

    at Process.ChildProcess._handle.onexit (node:internal/child_process:305:5)



C:\Users\zixsh\Downloads\express-desktop-app\express-desktop-app>cd dist-electron



C:\Users\zixsh\Downloads\express-desktop-app\express-desktop-app\dist-electron>Shop Analytics Dashboard.exe

'Shop' is not recognized as an internal or external command,

operable program or batch file.



C:\Users\zixsh\Downloads\express-desktop-app\express-desktop-app\dist-electron>cd win-unpacked



C:\Users\zixsh\Downloads\express-desktop-app\express-desktop-app\dist-electron\win-unpacked>"Shop Analytics Dashboard.exe"





C:\Users\zixsh\Downloads\express-desktop-app\express-desktop-app\dist-electron\win-unpacked>Failed to start server: Error: spawn node ENOENT

    at ChildProcess._handle.onexit (node:internal/child_process:285:19)

    at onErrorNT (node:internal/child_process:483:16)

    at process.processTicksAndRejections (node:internal/process/task_queues:90:21) {

  errno: -4058,

  code: 'ENOENT',

  syscall: 'spawn node',

  path: 'node',

  spawnargs: [

    'C:\\Users\\zixsh\\Downloads\\express-desktop-app\\express-desktop-app\\dist-electron\\win-unpacked\\resources\\app.asar\\dist\\index.js'

  ]

}

Failed to start application: Error: spawn node ENOENT

    at ChildProcess._handle.onexit (node:internal/child_process:285:19)

    at onErrorNT (node:internal/child_process:483:16)

    at process.processTicksAndRejections (node:internal/process/task_queues:90:21) {

  errno: -4058,

  code: 'ENOENT',

  syscall: 'spawn node',

  path: 'node',

  spawnargs: [

    'C:\\Users\\zixsh\\Downloads\\express-desktop-app\\express-desktop-app\\dist-electron\\win-unpacked\\resources\\app.asar\\dist\\index.js'

  ]

}





any idea what is this error?